2025-12-03 15:54:38+0530: sUsingService=false
2025-12-03 15:54:38+0530: sUpdateSilently=false
2025-12-03 15:54:38+0530: useService=false
2025-12-03 15:54:38+0530: isElevated=false
2025-12-03 15:54:38+0530: gInvocation=UpdaterInvocation::First
2025-12-03 15:54:38+0530: Writing status to file: applying
2025-12-03 15:54:38+0530: PATCH DIRECTORY C:\Users\kunch\OneDrive\Pictures\Desktop\Tor Browser\Browser\TorBrowser\UpdateInfo\updates\0
2025-12-03 15:54:38+0530: INSTALLATION DIRECTORY C:\Users\kunch\OneDrive\Pictures\Desktop\Tor Browser\Browser
2025-12-03 15:54:38+0530: WORKING DIRECTORY C:\Users\kunch\OneDrive\Pictures\Desktop\Tor Browser\Browser
2025-12-03 15:54:38+0530: Checking whether elevation is needed
2025-12-03 15:54:38+0530: Successfully opened lock file
2025-12-03 15:54:38+0530: Going to update via this updater instance.
2025-12-03 15:54:38+0530: NS_main: callback app file open attempt 1 failed. File: C:\Users\kunch\OneDrive\Pictures\Desktop\Tor Browser\Browser\firefox.exe. Last error: 32
2025-12-03 15:54:39+0530: UPDATE TYPE partial
2025-12-03 15:54:39+0530: PREPARE PATCH xul.dll
2025-12-03 15:54:41+0530: PREPARE PATCH updater.exe
2025-12-03 15:54:41+0530: PREPARE PATCH tbb_version.json
2025-12-03 15:54:41+0530: PREPARE PATCH softokn3.dll
2025-12-03 15:54:41+0530: PREPARE ADD removed-files
2025-12-03 15:54:41+0530: PREPARE ADD precomplete
2025-12-03 15:54:41+0530: PREPARE PATCH plugin-container.exe
2025-12-03 15:54:41+0530: PREPARE PATCH platform.ini
2025-12-03 15:54:41+0530: PREPARE PATCH omni.ja
2025-12-03 15:54:42+0530: PREPARE PATCH nss3.dll
2025-12-03 15:54:42+0530: PREPARE PATCH nmhproxy.exe
2025-12-03 15:54:42+0530: PREPARE PATCH mozglue.dll
2025-12-03 15:54:42+0530: PREPARE PATCH mozavutil.dll
2025-12-03 15:54:42+0530: PREPARE PATCH mozavcodec.dll
2025-12-03 15:54:42+0530: PREPARE PATCH libGLESv2.dll
2025-12-03 15:54:42+0530: PREPARE PATCH libEGL.dll
2025-12-03 15:54:42+0530: PREPARE PATCH lgpllibs.dll
2025-12-03 15:54:42+0530: PREPARE PATCH gkcodecs.dll
2025-12-03 15:54:42+0530: PREPARE PATCH freebl3.dll
2025-12-03 15:54:42+0530: PREPARE PATCH firefox.exe
2025-12-03 15:54:42+0530: PREPARE PATCH distribution/extensions/{73a6fe31-595d-460b-a920-fcc0f8843232}.xpi
2025-12-03 15:54:42+0530: PREPARE PATCH browser/omni.ja
2025-12-03 15:54:42+0530: PREPARE PATCH application.ini
2025-12-03 15:54:42+0530: PREPARE PATCH TorBrowser/Tor/tor.exe
2025-12-03 15:54:42+0530: PREPARE PATCH TorBrowser/Tor/PluggableTransports/lyrebird.exe
2025-12-03 15:54:42+0530: PREPARE PATCH TorBrowser/Tor/PluggableTransports/conjure-client.exe
2025-12-03 15:54:43+0530: PREPARE PATCH TorBrowser/Docs/ChangeLog.txt
2025-12-03 15:54:43+0530: PREPARE ADD TorBrowser/Data/Browser/profile.default/extensions/{73a6fe31-595d-460b-a920-fcc0f8843232}.xpi
2025-12-03 15:54:43+0530: PREPARE PATCH AccessibleMarshal.dll
2025-12-03 15:54:43+0530: PREPARE REMOVEFILE osclientcerts.dll
2025-12-03 15:54:43+0530: PREPARE REMOVEFILE nssckbi.dll
2025-12-03 15:54:43+0530: PREPARE REMOVEFILE ipcclientcerts.dll
2025-12-03 15:54:43+0530: EXECUTE PATCH xul.dll
2025-12-03 15:54:44+0530: EXECUTE PATCH updater.exe
2025-12-03 15:54:44+0530: EXECUTE PATCH tbb_version.json
2025-12-03 15:54:44+0530: LoadSourceFile: destination file size 91 does not match expected size 90
2025-12-03 15:54:44+0530: LoadSourceFile failed
2025-12-03 15:54:44+0530: ### execution failed
2025-12-03 15:54:44+0530: FINISH PATCH xul.dll
2025-12-03 15:54:44+0530: FINISH PATCH updater.exe
2025-12-03 15:54:44+0530: FINISH PATCH tbb_version.json
2025-12-03 15:54:44+0530: backup_restore: backup file doesn't exist: tbb_version.json.moz-backup
2025-12-03 15:54:44+0530: FINISH PATCH softokn3.dll
2025-12-03 15:54:44+0530: backup_restore: backup file doesn't exist: softokn3.dll.moz-backup
2025-12-03 15:54:44+0530: FINISH ADD removed-files
2025-12-03 15:54:44+0530: backup_restore: backup file doesn't exist: removed-files.moz-backup
2025-12-03 15:54:44+0530: FINISH ADD precomplete
2025-12-03 15:54:44+0530: backup_restore: backup file doesn't exist: precomplete.moz-backup
2025-12-03 15:54:44+0530: FINISH PATCH plugin-container.exe
2025-12-03 15:54:44+0530: backup_restore: backup file doesn't exist: plugin-container.exe.moz-backup
2025-12-03 15:54:44+0530: FINISH PATCH platform.ini
2025-12-03 15:54:44+0530: backup_restore: backup file doesn't exist: platform.ini.moz-backup
2025-12-03 15:54:44+0530: FINISH PATCH omni.ja
2025-12-03 15:54:44+0530: backup_restore: backup file doesn't exist: omni.ja.moz-backup
2025-12-03 15:54:44+0530: FINISH PATCH nss3.dll
2025-12-03 15:54:44+0530: backup_restore: backup file doesn't exist: nss3.dll.moz-backup
2025-12-03 15:54:44+0530: FINISH PATCH nmhproxy.exe
2025-12-03 15:54:44+0530: backup_restore: backup file doesn't exist: nmhproxy.exe.moz-backup
2025-12-03 15:54:44+0530: FINISH PATCH mozglue.dll
2025-12-03 15:54:44+0530: backup_restore: backup file doesn't exist: mozglue.dll.moz-backup
2025-12-03 15:54:44+0530: FINISH PATCH mozavutil.dll
2025-12-03 15:54:44+0530: backup_restore: backup file doesn't exist: mozavutil.dll.moz-backup
2025-12-03 15:54:44+0530: FINISH PATCH mozavcodec.dll
2025-12-03 15:54:44+0530: backup_restore: backup file doesn't exist: mozavcodec.dll.moz-backup
2025-12-03 15:54:44+0530: FINISH PATCH libGLESv2.dll
2025-12-03 15:54:44+0530: backup_restore: backup file doesn't exist: libGLESv2.dll.moz-backup
2025-12-03 15:54:44+0530: FINISH PATCH libEGL.dll
2025-12-03 15:54:44+0530: backup_restore: backup file doesn't exist: libEGL.dll.moz-backup
2025-12-03 15:54:44+0530: FINISH PATCH lgpllibs.dll
2025-12-03 15:54:44+0530: backup_restore: backup file doesn't exist: lgpllibs.dll.moz-backup
2025-12-03 15:54:44+0530: FINISH PATCH gkcodecs.dll
2025-12-03 15:54:44+0530: backup_restore: backup file doesn't exist: gkcodecs.dll.moz-backup
2025-12-03 15:54:44+0530: FINISH PATCH freebl3.dll
2025-12-03 15:54:44+0530: backup_restore: backup file doesn't exist: freebl3.dll.moz-backup
2025-12-03 15:54:44+0530: FINISH PATCH firefox.exe
2025-12-03 15:54:44+0530: backup_restore: backup file doesn't exist: firefox.exe.moz-backup
2025-12-03 15:54:44+0530: FINISH PATCH distribution/extensions/{73a6fe31-595d-460b-a920-fcc0f8843232}.xpi
2025-12-03 15:54:44+0530: backup_restore: backup file doesn't exist: distribution/extensions/{73a6fe31-595d-460b-a920-fcc0f8843232}.xpi.moz-backup
2025-12-03 15:54:44+0530: FINISH PATCH browser/omni.ja
2025-12-03 15:54:44+0530: backup_restore: backup file doesn't exist: browser/omni.ja.moz-backup
2025-12-03 15:54:44+0530: FINISH PATCH application.ini
2025-12-03 15:54:44+0530: backup_restore: backup file doesn't exist: application.ini.moz-backup
2025-12-03 15:54:44+0530: FINISH PATCH TorBrowser/Tor/tor.exe
2025-12-03 15:54:44+0530: backup_restore: backup file doesn't exist: TorBrowser/Tor/tor.exe.moz-backup
2025-12-03 15:54:44+0530: FINISH PATCH TorBrowser/Tor/PluggableTransports/lyrebird.exe
2025-12-03 15:54:44+0530: backup_restore: backup file doesn't exist: TorBrowser/Tor/PluggableTransports/lyrebird.exe.moz-backup
2025-12-03 15:54:44+0530: FINISH PATCH TorBrowser/Tor/PluggableTransports/conjure-client.exe
2025-12-03 15:54:44+0530: backup_restore: backup file doesn't exist: TorBrowser/Tor/PluggableTransports/conjure-client.exe.moz-backup
2025-12-03 15:54:44+0530: FINISH PATCH TorBrowser/Docs/ChangeLog.txt
2025-12-03 15:54:44+0530: backup_restore: backup file doesn't exist: TorBrowser/Docs/ChangeLog.txt.moz-backup
2025-12-03 15:54:44+0530: FINISH ADD TorBrowser/Data/Browser/profile.default/extensions/{73a6fe31-595d-460b-a920-fcc0f8843232}.xpi
2025-12-03 15:54:44+0530: backup_restore: backup file doesn't exist: TorBrowser/Data/Browser/profile.default/extensions/{73a6fe31-595d-460b-a920-fcc0f8843232}.xpi.moz-backup
2025-12-03 15:54:44+0530: FINISH PATCH AccessibleMarshal.dll
2025-12-03 15:54:44+0530: backup_restore: backup file doesn't exist: AccessibleMarshal.dll.moz-backup
2025-12-03 15:54:44+0530: FINISH REMOVEFILE osclientcerts.dll
2025-12-03 15:54:44+0530: backup_restore: backup file doesn't exist: osclientcerts.dll.moz-backup
2025-12-03 15:54:44+0530: FINISH REMOVEFILE nssckbi.dll
2025-12-03 15:54:44+0530: backup_restore: backup file doesn't exist: nssckbi.dll.moz-backup
2025-12-03 15:54:44+0530: FINISH REMOVEFILE ipcclientcerts.dll
2025-12-03 15:54:44+0530: backup_restore: backup file doesn't exist: ipcclientcerts.dll.moz-backup
2025-12-03 15:54:44+0530: failed: 2
2025-12-03 15:54:44+0530: Writing status to file: failed: 2

2025-12-03 15:54:44+0530: calling QuitProgressUI
2025-12-03 15:54:44+0530: Running LaunchCallbackAndPostProcessApps
